32,,,43 days,1
125,,,40 days,1
206,,,1 month,1
252,,,1 month,1
96,1 month,1,1 month,1
105,,,5 weeks,1
12,,,2 months,2
47,,,59 days,2
60,63 days,2,63 days,2
134,,,2 months,2
142,,,54 days,2
213,,,7 weeks,2
239,3 weeks,1,2 months + 2 weeks,2
75,,,5 weeks + 10 days,2
33,,,96 days,3
73,,,3 months,3
13,,,4 months,4
24,,,112 days,4
69,4 months,4,4 months,4
72,,,125 days,4
135,,,4 months,4
154,,,6 months,6
45,5 months,5,7 months,7
208,,,7 months,7
151,,,8 months,8
17,6 months,6,268 days,9
109,,,8.5 months,9
254,,,280 days,9
6,,,332 days,11
199,11 months,11,11 monhs,11
55,1 year,12,1 yr,12
180,,,1 year,12
102,,,1 year,12
285,,,13 months,13
296,,,13 months,13
80,14 months,14,14 months,14
127,2006-2005 + 6 months + 2 months,14,2006-2005 + 6 months + 2 months,14
78,1 year + 2 months,14,1 year + 3 months,15
189,,,16 months,16
255,,,17 months,17
286,,,17 months,17
195,2009 - 2008,6,2010 - 2008,18
212,2010 - 2008 - 1 week,18,2010 - 2008,18
214,,,1 year + 9 months,21
178,2 years,24,2 years,24
289,,,2 years,24
156,,,747 days,25
162,,,778 days,26
272,,,2 years + 2months,18
41,1 year,12,26 months,26
82,796 days,27,799 days,27
126,12 months,12,27 months,27
52,,,834 days,28
256,1 year,12,2.5 years,30
210,,,2010 - 2007,30
160,,,1047 days,35
85,16 weeks,4,3 years,36
157,3 years,36,3 years,36
203,3 years,36,3 years,36
144,,,2010 - 2006,42
269,,,1245 days,42
277,,,4 years,48
279,3 months,3,5 years,54
233,2009 - 2004,54,2010 - 2004,66
71,,,46 days,1
191,,,35 days,1
4,,,2 months,2
7,2 months,2,2 months + 8 days,2
200,,,2 months,2
253,,,2 months,2
271,,,8 weeks,2
5,,,45 days,2
112,,,6 weeks,2
26,,,130 days,4
37,,,106 days,4
79,,,4 months,4
62,5 months,5,5 months,5
67,163 days,5,163 days,5
179,,,5 months,5
2,,,2004-2003,6
28,,,172 days,6
53,2007-2006,6,2007 - 2006,6
57,,,6 months + 8 weeks,8
35,9 months,9,9 months,9
65,1 year,12,1 year,12
108,,,368 days,12
211,,,1 year,12
153,,,1 year,12
25,,,450 days,15
46,1 year,12,15 months,15
36,1 year,12,511 days,17
110,,,2009 - 2007,18
141,3 months,3,2007 - 2005,18
207,19 months,19,19 months,19
294,19 months,19,19 months,19
98,19 months,19,20 months,20
39,,,1 year and 289 days,22
251,1 year,12,2 years,24
283,6 months,6,24 months,24
59,19 months,19,25 months,25
124,6 months,6,26 months,26
215,,,2007 - 2004,30
193,,,2.5 years,30
270,,,919 days,31
129,3 years,36,3 years,36
174,,,2009 - June 2006,36
90,,,4 years,48
143,,,(2010-2005) + 1 week,54
196,,,5 years,60
274,2 years,24,5 years + 6 months,66